// Jest Snapshot v1, https://goo.gl/fbAQLP

exports[`user custom 1`] = `
[MockFunction] {
  "calls": Array [
    Array [
      1,
      2,
    ],
  ],
  "results": Array [
    Object {
      "type": "return",
      "value": 3,
    },
  ],
}
`;
